timeout : ERROR: Invalid syntax. Default option is not allowed more than '1' time(s).
At line:1 char:51
+ ... jects\FinancialLendingPortal" ; timeout 60 npm run build 2>&1 | Tee-O ...
+                                     ~~~~~~~~~~~~~~~~~~~~~~~~~~~~~
    + CategoryInfo          : NotSpecified: (ERROR: Invalid ...an '1' time(s).:String) [ 
   ], RemoteException
    + FullyQualifiedErrorId : NativeCommandError
 
Type "TIMEOUT /?" for usage.
